Pipeline is starting! ðŸš€
ðŸ§ª Testing Channel.fromBIDS...
ITEM_STATS: {"type":"plain","entities":{"subject":"sub-1","session":"NA","run":"NA","task":"NA"},"totalFiles":9,"suffixes":["MP2RAGE","UNIT1"],"details":[{"suffix":"MP2RAGE","files":2},{"suffix":"UNIT1","files":2}]}
âœ“ Pipeline completed with 1 items
Pipeline complete! ðŸ‘‹
