Pipeline is starting! ðŸš€
ðŸ§ª Testing Channel.fromBIDS...
ITEM_STATS: {"type":"named","entities":{"subject":"sub-invivo1","session":"NA","run":"NA","task":"NA"},"totalFiles":6,"suffixes":["MTS"],"details":[{"suffix":"MTS","groups":[{"name":"PDw","files":2},{"name":"MTw","files":2},{"name":"T1w","files":2}]}]}
ITEM_STATS: {"type":"named","entities":{"subject":"sub-invivo2","session":"NA","run":"run-01","task":"NA"},"totalFiles":6,"suffixes":["MTS"],"details":[{"suffix":"MTS","groups":[{"name":"PDw","files":2},{"name":"MTw","files":2},{"name":"T1w","files":2}]}]}
ITEM_STATS: {"type":"named","entities":{"subject":"sub-invivo2","session":"NA","run":"run-02","task":"NA"},"totalFiles":6,"suffixes":["MTS"],"details":[{"suffix":"MTS","groups":[{"name":"PDw","files":2},{"name":"MTw","files":2},{"name":"T1w","files":2}]}]}
ITEM_STATS: {"type":"named","entities":{"subject":"sub-phantom","session":"ses-rth750rev","run":"run-01","task":"NA"},"totalFiles":6,"suffixes":["MTS"],"details":[{"suffix":"MTS","groups":[{"name":"PDw","files":2},{"name":"MTw","files":2},{"name":"T1w","files":2}]}]}
ITEM_STATS: {"type":"named","entities":{"subject":"sub-phantom","session":"ses-rth750rev","run":"run-02","task":"NA"},"totalFiles":6,"suffixes":["MTS"],"details":[{"suffix":"MTS","groups":[{"name":"PDw","files":2},{"name":"MTw","files":2},{"name":"T1w","files":2}]}]}
ITEM_STATS: {"type":"named","entities":{"subject":"sub-phantom","session":"ses-rthPRIrev","run":"NA","task":"NA"},"totalFiles":6,"suffixes":["MTS"],"details":[{"suffix":"MTS","groups":[{"name":"PDw","files":2},{"name":"MTw","files":2},{"name":"T1w","files":2}]}]}
ITEM_STATS: {"type":"named","entities":{"subject":"sub-phantom","session":"ses-rthSKYrev","run":"NA","task":"NA"},"totalFiles":6,"suffixes":["MTS"],"details":[{"suffix":"MTS","groups":[{"name":"PDw","files":2},{"name":"MTw","files":2},{"name":"T1w","files":2}]}]}
ITEM_STATS: {"type":"named","entities":{"subject":"sub-phantom","session":"ses-vendor750rev","run":"NA","task":"NA"},"totalFiles":6,"suffixes":["MTS"],"details":[{"suffix":"MTS","groups":[{"name":"PDw","files":2},{"name":"MTw","files":2},{"name":"T1w","files":2}]}]}
ITEM_STATS: {"type":"named","entities":{"subject":"sub-phantom","session":"ses-vendorPRIrev","run":"NA","task":"NA"},"totalFiles":6,"suffixes":["MTS"],"details":[{"suffix":"MTS","groups":[{"name":"PDw","files":2},{"name":"MTw","files":2},{"name":"T1w","files":2}]}]}
ITEM_STATS: {"type":"named","entities":{"subject":"sub-phantom","session":"ses-vendorSKYrev","run":"NA","task":"NA"},"totalFiles":6,"suffixes":["MTS"],"details":[{"suffix":"MTS","groups":[{"name":"PDw","files":2},{"name":"MTw","files":2},{"name":"T1w","files":2}]}]}
âœ“ Pipeline completed with 10 items
Pipeline complete! ðŸ‘‹
