Pipeline is starting! ðŸš€
ðŸ§ª Testing Channel.fromBIDS...
ITEM_STATS: {"type":"plain","entities":{"subject":"sub-01","session":"NA","run":"NA","task":"NA"},"totalFiles":6,"suffixes":["T1w","dwi"],"details":[{"suffix":"T1w","files":2},{"suffix":"dwi","files":4}]}
âœ“ Pipeline completed with 1 items
Pipeline complete! ðŸ‘‹
