Pipeline is starting! ðŸš€
ðŸ§ª Testing Channel.fromBIDS...
ITEM_STATS: {"type":"named","entities":{"subject":"sub-01","session":"NA","run":"NA","task":"NA"},"totalFiles":10,"suffixes":["MTS","TB1DAM"],"details":[{"suffix":"MTS","groups":[{"name":"PDw","files":2},{"name":"MTw","files":2},{"name":"T1w","files":2}]}]}
âœ“ Pipeline completed with 1 items
Pipeline complete! ðŸ‘‹
