Pipeline is starting! ðŸš€
ðŸ§ª Testing Channel.fromBIDS...
ITEM_STATS: {"type":"plain","entities":{"subject":"sub-01","session":"NA","run":"NA","task":"NA"},"totalFiles":16,"suffixes":["MEGRE"],"details":[{"suffix":"MEGRE","files":2}]}
âœ“ Pipeline completed with 1 items
Pipeline complete! ðŸ‘‹
