Pipeline is starting! ðŸš€
ðŸ§ª Testing Channel.fromBIDS...
ITEM_STATS: {"type":"named","entities":{"subject":"sub-01","session":"NA","run":"NA","task":"NA"},"totalFiles":4,"suffixes":["TB1TFL"],"details":[{"suffix":"TB1TFL","groups":[{"name":"anat","files":2},{"name":"famp","files":2}]}]}
âœ“ Pipeline completed with 1 items
Pipeline complete! ðŸ‘‹
