Pipeline is starting! ðŸš€
ðŸ§ª Testing Channel.fromBIDS...
ITEM_STATS: {"type":"named","entities":{"subject":"sub-01","session":"NA","run":"NA","task":"NA"},"totalFiles":100,"suffixes":["RB1COR","TB1EPI","MPM"],"details":[{"suffix":"RB1COR","groups":[{"name":"bodyMTw","files":2},{"name":"bodyPDw","files":2},{"name":"bodyT1w","files":2},{"name":"headMTw","files":2},{"name":"headPDw","files":2},{"name":"headT1w","files":2}]},{"suffix":"MPM","groups":[{"name":"MTw","files":2},{"name":"PDw","files":2},{"name":"T1w","files":2}]}]}
âœ“ Pipeline completed with 1 items
Pipeline complete! ðŸ‘‹
