Pipeline is starting! ðŸš€
ðŸ§ª Testing Channel.fromBIDS...
ITEM_STATS: {"type":"plain","entities":{"subject":"sub-cbm001","session":"NA","run":"NA","task":"task-protmap"},"totalFiles":4,"suffixes":["channels","eeg","events"],"details":[{"suffix":"channels","files":1},{"suffix":"eeg","files":2},{"suffix":"events","files":1}]}
ITEM_STATS: {"type":"plain","entities":{"subject":"sub-cbm002","session":"NA","run":"NA","task":"task-protmap"},"totalFiles":4,"suffixes":["channels","eeg","events"],"details":[{"suffix":"channels","files":1},{"suffix":"eeg","files":2},{"suffix":"events","files":1}]}
ITEM_STATS: {"type":"plain","entities":{"subject":"sub-cbm003","session":"NA","run":"NA","task":"task-protmap"},"totalFiles":4,"suffixes":["channels","eeg","events"],"details":[{"suffix":"channels","files":1},{"suffix":"eeg","files":2},{"suffix":"events","files":1}]}
ITEM_STATS: {"type":"plain","entities":{"subject":"sub-cbm004","session":"NA","run":"NA","task":"task-protmap"},"totalFiles":4,"suffixes":["channels","eeg","events"],"details":[{"suffix":"channels","files":1},{"suffix":"eeg","files":2},{"suffix":"events","files":1}]}
ITEM_STATS: {"type":"plain","entities":{"subject":"sub-cbm005","session":"NA","run":"NA","task":"task-protmap"},"totalFiles":4,"suffixes":["channels","eeg","events"],"details":[{"suffix":"channels","files":1},{"suffix":"eeg","files":2},{"suffix":"events","files":1}]}
ITEM_STATS: {"type":"plain","entities":{"subject":"sub-cbm006","session":"NA","run":"NA","task":"task-protmap"},"totalFiles":4,"suffixes":["channels","eeg","events"],"details":[{"suffix":"channels","files":1},{"suffix":"eeg","files":2},{"suffix":"events","files":1}]}
ITEM_STATS: {"type":"plain","entities":{"subject":"sub-cbm007","session":"NA","run":"NA","task":"task-protmap"},"totalFiles":4,"suffixes":["channels","eeg","events"],"details":[{"suffix":"channels","files":1},{"suffix":"eeg","files":2},{"suffix":"events","files":1}]}
ITEM_STATS: {"type":"plain","entities":{"subject":"sub-cbm008","session":"NA","run":"NA","task":"task-protmap"},"totalFiles":4,"suffixes":["channels","eeg","events"],"details":[{"suffix":"channels","files":1},{"suffix":"eeg","files":2},{"suffix":"events","files":1}]}
ITEM_STATS: {"type":"plain","entities":{"subject":"sub-cbm009","session":"NA","run":"NA","task":"task-protmap"},"totalFiles":4,"suffixes":["channels","eeg","events"],"details":[{"suffix":"channels","files":1},{"suffix":"eeg","files":2},{"suffix":"events","files":1}]}
ITEM_STATS: {"type":"plain","entities":{"subject":"sub-cbm010","session":"NA","run":"NA","task":"task-protmap"},"totalFiles":4,"suffixes":["channels","eeg","events"],"details":[{"suffix":"channels","files":1},{"suffix":"eeg","files":2},{"suffix":"events","files":1}]}
ITEM_STATS: {"type":"plain","entities":{"subject":"sub-cbm011","session":"NA","run":"NA","task":"task-protmap"},"totalFiles":4,"suffixes":["channels","eeg","events"],"details":[{"suffix":"channels","files":1},{"suffix":"eeg","files":2},{"suffix":"events","files":1}]}
ITEM_STATS: {"type":"plain","entities":{"subject":"sub-cbm012","session":"NA","run":"NA","task":"task-protmap"},"totalFiles":4,"suffixes":["channels","eeg","events"],"details":[{"suffix":"channels","files":1},{"suffix":"eeg","files":2},{"suffix":"events","files":1}]}
ITEM_STATS: {"type":"plain","entities":{"subject":"sub-cbm013","session":"NA","run":"NA","task":"task-protmap"},"totalFiles":4,"suffixes":["channels","eeg","events"],"details":[{"suffix":"channels","files":1},{"suffix":"eeg","files":2},{"suffix":"events","files":1}]}
ITEM_STATS: {"type":"plain","entities":{"subject":"sub-cbm014","session":"NA","run":"NA","task":"task-protmap"},"totalFiles":4,"suffixes":["channels","eeg","events"],"details":[{"suffix":"channels","files":1},{"suffix":"eeg","files":2},{"suffix":"events","files":1}]}
ITEM_STATS: {"type":"plain","entities":{"subject":"sub-cbm015","session":"NA","run":"NA","task":"task-protmap"},"totalFiles":4,"suffixes":["channels","eeg","events"],"details":[{"suffix":"channels","files":1},{"suffix":"eeg","files":2},{"suffix":"events","files":1}]}
ITEM_STATS: {"type":"plain","entities":{"subject":"sub-cbm016","session":"NA","run":"NA","task":"task-protmap"},"totalFiles":4,"suffixes":["channels","eeg","events"],"details":[{"suffix":"channels","files":1},{"suffix":"eeg","files":2},{"suffix":"events","files":1}]}
ITEM_STATS: {"type":"plain","entities":{"subject":"sub-cbm017","session":"NA","run":"NA","task":"task-protmap"},"totalFiles":4,"suffixes":["channels","eeg","events"],"details":[{"suffix":"channels","files":1},{"suffix":"eeg","files":2},{"suffix":"events","files":1}]}
ITEM_STATS: {"type":"plain","entities":{"subject":"sub-cbm018","session":"NA","run":"NA","task":"task-protmap"},"totalFiles":4,"suffixes":["channels","eeg","events"],"details":[{"suffix":"channels","files":1},{"suffix":"eeg","files":2},{"suffix":"events","files":1}]}
ITEM_STATS: {"type":"plain","entities":{"subject":"sub-cbm019","session":"NA","run":"NA","task":"task-protmap"},"totalFiles":4,"suffixes":["channels","eeg","events"],"details":[{"suffix":"channels","files":1},{"suffix":"eeg","files":2},{"suffix":"events","files":1}]}
ITEM_STATS: {"type":"plain","entities":{"subject":"sub-cbm020","session":"NA","run":"NA","task":"task-protmap"},"totalFiles":4,"suffixes":["channels","eeg","events"],"details":[{"suffix":"channels","files":1},{"suffix":"eeg","files":2},{"suffix":"events","files":1}]}
âœ“ Pipeline completed with 20 items
Pipeline complete! ðŸ‘‹
