Pipeline is starting! ðŸš€
ðŸ§ª Testing Channel.fromBIDS...
ITEM_STATS: {"type":"named","entities":{"subject":"sub-01","session":"ses-005","run":"NA","task":"NA"},"totalFiles":50,"suffixes":["MTS","dwi_fullreverse","TB1TFL","MP2RAGE","T2starw","T2w","UNIT1","T1w","dwi","sbref"],"details":[{"suffix":"MTS","groups":[{"name":"PDw","files":2},{"name":"MTw","files":2},{"name":"T1w","files":2}]},{"suffix":"dwi_fullreverse","groups":[{"name":"ap","files":4},{"name":"pa","files":4}]},{"suffix":"TB1TFL","groups":[{"name":"anat","files":2},{"name":"famp","files":2}]}]}
ITEM_STATS: {"type":"named","entities":{"subject":"sub-06","session":"ses-009","run":"NA","task":"NA"},"totalFiles":50,"suffixes":["MTS","dwi_fullreverse","TB1TFL","MP2RAGE","T2starw","T2w","UNIT1","T1w","dwi","sbref"],"details":[{"suffix":"MTS","groups":[{"name":"PDw","files":2},{"name":"MTw","files":2},{"name":"T1w","files":2}]},{"suffix":"dwi_fullreverse","groups":[{"name":"ap","files":4},{"name":"pa","files":4}]},{"suffix":"TB1TFL","groups":[{"name":"anat","files":2},{"name":"famp","files":2}]}]}
âœ“ Pipeline completed with 2 items
Pipeline complete! ðŸ‘‹
