Pipeline is starting! ðŸš€
ðŸ§ª Testing Channel.fromBIDS...
ITEM_STATS: {"type":"plain","entities":{"subject":"sub-01","session":"ses-005","run":"NA","task":"NA"},"totalFiles":8,"suffixes":["T1w","dwi","epi"],"details":[{"suffix":"T1w","files":2},{"suffix":"dwi","files":4},{"suffix":"epi","files":2}]}
âœ“ Pipeline completed with 1 items
Pipeline complete! ðŸ‘‹
