Pipeline is starting! ðŸš€
ðŸ§ª Testing Channel.fromBIDS...
ITEM_STATS: {"type":"named","entities":{"subject":"sub-01","session":"NA","run":"NA","task":"NA"},"totalFiles":8,"suffixes":["TB1AFI","VFA"],"details":[{"suffix":"TB1AFI","groups":[{"name":"tr1","files":2},{"name":"tr2","files":2}]}]}
âœ“ Pipeline completed with 1 items
Pipeline complete! ðŸ‘‹
