Pipeline is starting! ðŸš€
ðŸ§ª Testing Channel.fromBIDS...
ITEM_STATS: {"type":"named","entities":{"subject":"sub-01","session":"ses-005","run":"NA","task":"NA"},"totalFiles":10,"suffixes":["epi_fullreverse","T1w","dwi","epi"],"details":[{"suffix":"epi_fullreverse","groups":[{"name":"ap","files":2},{"name":"pa","files":2}]}]}
âœ“ Pipeline completed with 1 items
Pipeline complete! ðŸ‘‹
