Pipeline is starting! ðŸš€
ðŸ§ª Testing Channel.fromBIDS...
ITEM_STATS: {"type":"plain","entities":{"subject":"sub-Sub103","session":"NA","run":"NA","task":"NA"},"totalFiles":5,"suffixes":["T1w","aslcontext","asl"],"details":[{"suffix":"T1w","files":2},{"suffix":"aslcontext","files":1},{"suffix":"asl","files":2}]}
âœ“ Pipeline completed with 1 items
Pipeline complete! ðŸ‘‹
