{
    "qmri_mpm - Plugin output": {
        "content": [
            "[[[\"sub-01\",\"NA\",\"NA\",\"NA\"],{\"data\":{\"RB1COR\":{\"bodyMTw\":{\"json\":\"qmri_mpm/sub-01/fmap/sub-01_acq-bodyMTw_RB1COR.json\",\"nii\":\"qmri_mpm/sub-01/fmap/sub-01_acq-bodyMTw_RB1COR.nii\"},\"bodyPDw\":{\"json\":\"qmri_mpm/sub-01/fmap/sub-01_acq-bodyPDw_RB1COR.json\",\"nii\":\"qmri_mpm/sub-01/fmap/sub-01_acq-bodyPDw_RB1COR.nii\"},\"bodyT1w\":{\"json\":\"qmri_mpm/sub-01/fmap/sub-01_acq-bodyT1w_RB1COR.json\",\"nii\":\"qmri_mpm/sub-01/fmap/sub-01_acq-bodyT1w_RB1COR.nii\"},\"headMTw\":{\"json\":\"qmri_mpm/sub-01/fmap/sub-01_acq-headMTw_RB1COR.json\",\"nii\":\"qmri_mpm/sub-01/fmap/sub-01_acq-headMTw_RB1COR.nii\"},\"headPDw\":{\"json\":\"qmri_mpm/sub-01/fmap/sub-01_acq-headPDw_RB1COR.json\",\"nii\":\"qmri_mpm/sub-01/fmap/sub-01_acq-headPDw_RB1COR.nii\"},\"headT1w\":{\"json\":\"qmri_mpm/sub-01/fmap/sub-01_acq-headT1w_RB1COR.json\",\"nii\":\"qmri_mpm/sub-01/fmap/sub-01_acq-headT1w_RB1COR.nii\"}},\"TB1EPI\":{\"json\":[[\"qmri_mpm/sub-01/fmap/sub-01_echo-1_flip-01_TB1EPI.json\",\"qmri_mpm/sub-01/fmap/sub-01_echo-1_flip-02_TB1EPI.json\",\"qmri_mpm/sub-01/fmap/sub-01_echo-1_flip-03_TB1EPI.json\",\"qmri_mpm/sub-01/fmap/sub-01_echo-1_flip-04_TB1EPI.json\",\"qmri_mpm/sub-01/fmap/sub-01_echo-1_flip-05_TB1EPI.json\",\"qmri_mpm/sub-01/fmap/sub-01_echo-1_flip-06_TB1EPI.json\",\"qmri_mpm/sub-01/fmap/sub-01_echo-1_flip-07_TB1EPI.json\",\"qmri_mpm/sub-01/fmap/sub-01_echo-1_flip-08_TB1EPI.json\",\"qmri_mpm/sub-01/fmap/sub-01_echo-1_flip-09_TB1EPI.json\",\"qmri_mpm/sub-01/fmap/sub-01_echo-1_flip-10_TB1EPI.json\",\"qmri_mpm/sub-01/fmap/sub-01_echo-1_flip-11_TB1EPI.json\"],[\"qmri_mpm/sub-01/fmap/sub-01_echo-2_flip-01_TB1EPI.json\",\"qmri_mpm/sub-01/fmap/sub-01_echo-2_flip-02_TB1EPI.json\",\"qmri_mpm/sub-01/fmap/sub-01_echo-2_flip-03_TB1EPI.json\",\"qmri_mpm/sub-01/fmap/sub-01_echo-2_flip-04_TB1EPI.json\",\"qmri_mpm/sub-01/fmap/sub-01_echo-2_flip-05_TB1EPI.json\",\"qmri_mpm/sub-01/fmap/sub-01_echo-2_flip-06_TB1EPI.json\",\"qmri_mpm/sub-01/fmap/sub-01_echo-2_flip-07_TB1EPI.json\",\"qmri_mpm/sub-01/fmap/sub-01_echo-2_flip-08_TB1EPI.json\",\"qmri_mpm/sub-01/fmap/sub-01_echo-2_flip-09_TB1EPI.json\",\"qmri_mpm/sub-01/fmap/sub-01_echo-2_flip-10_TB1EPI.json\",\"qmri_mpm/sub-01/fmap/sub-01_echo-2_flip-11_TB1EPI.json\"]],\"nii\":[[\"qmri_mpm/sub-01/fmap/sub-01_echo-1_flip-01_TB1EPI.nii\",\"qmri_mpm/sub-01/fmap/sub-01_echo-1_flip-02_TB1EPI.nii\",\"qmri_mpm/sub-01/fmap/sub-01_echo-1_flip-03_TB1EPI.nii\",\"qmri_mpm/sub-01/fmap/sub-01_echo-1_flip-04_TB1EPI.nii\",\"qmri_mpm/sub-01/fmap/sub-01_echo-1_flip-05_TB1EPI.nii\",\"qmri_mpm/sub-01/fmap/sub-01_echo-1_flip-06_TB1EPI.nii\",\"qmri_mpm/sub-01/fmap/sub-01_echo-1_flip-07_TB1EPI.nii\",\"qmri_mpm/sub-01/fmap/sub-01_echo-1_flip-08_TB1EPI.nii\",\"qmri_mpm/sub-01/fmap/sub-01_echo-1_flip-09_TB1EPI.nii\",\"qmri_mpm/sub-01/fmap/sub-01_echo-1_flip-10_TB1EPI.nii\",\"qmri_mpm/sub-01/fmap/sub-01_echo-1_flip-11_TB1EPI.nii\"],[\"qmri_mpm/sub-01/fmap/sub-01_echo-2_flip-01_TB1EPI.nii\",\"qmri_mpm/sub-01/fmap/sub-01_echo-2_flip-02_TB1EPI.nii\",\"qmri_mpm/sub-01/fmap/sub-01_echo-2_flip-03_TB1EPI.nii\",\"qmri_mpm/sub-01/fmap/sub-01_echo-2_flip-04_TB1EPI.nii\",\"qmri_mpm/sub-01/fmap/sub-01_echo-2_flip-05_TB1EPI.nii\",\"qmri_mpm/sub-01/fmap/sub-01_echo-2_flip-06_TB1EPI.nii\",\"qmri_mpm/sub-01/fmap/sub-01_echo-2_flip-07_TB1EPI.nii\",\"qmri_mpm/sub-01/fmap/sub-01_echo-2_flip-08_TB1EPI.nii\",\"qmri_mpm/sub-01/fmap/sub-01_echo-2_flip-09_TB1EPI.nii\",\"qmri_mpm/sub-01/fmap/sub-01_echo-2_flip-10_TB1EPI.nii\",\"qmri_mpm/sub-01/fmap/sub-01_echo-2_flip-11_TB1EPI.nii\"]]},\"MPM\":{\"MTw\":{\"json\":[\"qmri_mpm/sub-01/anat/sub-01_acq-MTw_echo-1_flip-1_mt-on_MPM.json\",\"qmri_mpm/sub-01/anat/sub-01_acq-MTw_echo-2_flip-1_mt-on_MPM.json\",\"qmri_mpm/sub-01/anat/sub-01_acq-MTw_echo-3_flip-1_mt-on_MPM.json\",\"qmri_mpm/sub-01/anat/sub-01_acq-MTw_echo-4_flip-1_mt-on_MPM.json\",\"qmri_mpm/sub-01/anat/sub-01_acq-MTw_echo-5_flip-1_mt-on_MPM.json\",\"qmri_mpm/sub-01/anat/sub-01_acq-MTw_echo-6_flip-1_mt-on_MPM.json\"],\"nii\":[\"qmri_mpm/sub-01/anat/sub-01_acq-MTw_echo-1_flip-1_mt-on_MPM.nii\",\"qmri_mpm/sub-01/anat/sub-01_acq-MTw_echo-2_flip-1_mt-on_MPM.nii\",\"qmri_mpm/sub-01/anat/sub-01_acq-MTw_echo-3_flip-1_mt-on_MPM.nii\",\"qmri_mpm/sub-01/anat/sub-01_acq-MTw_echo-4_flip-1_mt-on_MPM.nii\",\"qmri_mpm/sub-01/anat/sub-01_acq-MTw_echo-5_flip-1_mt-on_MPM.nii\",\"qmri_mpm/sub-01/anat/sub-01_acq-MTw_echo-6_flip-1_mt-on_MPM.nii\"]},\"PDw\":{\"json\":[\"qmri_mpm/sub-01/anat/sub-01_acq-PDw_echo-1_flip-1_mt-off_MPM.json\",\"qmri_mpm/sub-01/anat/sub-01_acq-PDw_echo-2_flip-1_mt-off_MPM.json\",\"qmri_mpm/sub-01/anat/sub-01_acq-PDw_echo-3_flip-1_mt-off_MPM.json\",\"qmri_mpm/sub-01/anat/sub-01_acq-PDw_echo-4_flip-1_mt-off_MPM.json\",\"qmri_mpm/sub-01/anat/sub-01_acq-PDw_echo-5_flip-1_mt-off_MPM.json\",\"qmri_mpm/sub-01/anat/sub-01_acq-PDw_echo-6_flip-1_mt-off_MPM.json\",\"qmri_mpm/sub-01/anat/sub-01_acq-PDw_echo-7_flip-1_mt-off_MPM.json\",\"qmri_mpm/sub-01/anat/sub-01_acq-PDw_echo-8_flip-1_mt-off_MPM.json\"],\"nii\":[\"qmri_mpm/sub-01/anat/sub-01_acq-PDw_echo-1_flip-1_mt-off_MPM.nii\",\"qmri_mpm/sub-01/anat/sub-01_acq-PDw_echo-2_flip-1_mt-off_MPM.nii\",\"qmri_mpm/sub-01/anat/sub-01_acq-PDw_echo-3_flip-1_mt-off_MPM.nii\",\"qmri_mpm/sub-01/anat/sub-01_acq-PDw_echo-4_flip-1_mt-off_MPM.nii\",\"qmri_mpm/sub-01/anat/sub-01_acq-PDw_echo-5_flip-1_mt-off_MPM.nii\",\"qmri_mpm/sub-01/anat/sub-01_acq-PDw_echo-6_flip-1_mt-off_MPM.nii\",\"qmri_mpm/sub-01/anat/sub-01_acq-PDw_echo-7_flip-1_mt-off_MPM.nii\",\"qmri_mpm/sub-01/anat/sub-01_acq-PDw_echo-8_flip-1_mt-off_MPM.nii\"]},\"T1w\":{\"json\":[\"qmri_mpm/sub-01/anat/sub-01_acq-T1w_echo-1_flip-2_mt-off_MPM.json\",\"qmri_mpm/sub-01/anat/sub-01_acq-T1w_echo-2_flip-2_mt-off_MPM.json\",\"qmri_mpm/sub-01/anat/sub-01_acq-T1w_echo-3_flip-2_mt-off_MPM.json\",\"qmri_mpm/sub-01/anat/sub-01_acq-T1w_echo-4_flip-2_mt-off_MPM.json\",\"qmri_mpm/sub-01/anat/sub-01_acq-T1w_echo-5_flip-2_mt-off_MPM.json\",\"qmri_mpm/sub-01/anat/sub-01_acq-T1w_echo-6_flip-2_mt-off_MPM.json\",\"qmri_mpm/sub-01/anat/sub-01_acq-T1w_echo-7_flip-2_mt-off_MPM.json\",\"qmri_mpm/sub-01/anat/sub-01_acq-T1w_echo-8_flip-2_mt-off_MPM.json\"],\"nii\":[\"qmri_mpm/sub-01/anat/sub-01_acq-T1w_echo-1_flip-2_mt-off_MPM.nii\",\"qmri_mpm/sub-01/anat/sub-01_acq-T1w_echo-2_flip-2_mt-off_MPM.nii\",\"qmri_mpm/sub-01/anat/sub-01_acq-T1w_echo-3_flip-2_mt-off_MPM.nii\",\"qmri_mpm/sub-01/anat/sub-01_acq-T1w_echo-4_flip-2_mt-off_MPM.nii\",\"qmri_mpm/sub-01/anat/sub-01_acq-T1w_echo-5_flip-2_mt-off_MPM.nii\",\"qmri_mpm/sub-01/anat/sub-01_acq-T1w_echo-6_flip-2_mt-off_MPM.nii\",\"qmri_mpm/sub-01/anat/sub-01_acq-T1w_echo-7_flip-2_mt-off_MPM.nii\",\"qmri_mpm/sub-01/anat/sub-01_acq-T1w_echo-8_flip-2_mt-off_MPM.nii\"]}}},\"filePaths\":[\"qmri_mpm/sub-01/fmap/sub-01_acq-bodyMTw_RB1COR.json\",\"qmri_mpm/sub-01/fmap/sub-01_acq-bodyMTw_RB1COR.nii\",\"qmri_mpm/sub-01/fmap/sub-01_acq-bodyPDw_RB1COR.json\",\"qmri_mpm/sub-01/fmap/sub-01_acq-bodyPDw_RB1COR.nii\",\"qmri_mpm/sub-01/fmap/sub-01_acq-bodyT1w_RB1COR.json\",\"qmri_mpm/sub-01/fmap/sub-01_acq-bodyT1w_RB1COR.nii\",\"qmri_mpm/sub-01/fmap/sub-01_acq-headMTw_RB1COR.json\",\"qmri_mpm/sub-01/fmap/sub-01_acq-headMTw_RB1COR.nii\",\"qmri_mpm/sub-01/fmap/sub-01_acq-headPDw_RB1COR.json\",\"qmri_mpm/sub-01/fmap/sub-01_acq-headPDw_RB1COR.nii\",\"qmri_mpm/sub-01/fmap/sub-01_acq-headT1w_RB1COR.json\",\"qmri_mpm/sub-01/fmap/sub-01_acq-headT1w_RB1COR.nii\",\"qmri_mpm/sub-01/fmap/sub-01_echo-1_flip-01_TB1EPI.json\",\"qmri_mpm/sub-01/fmap/sub-01_echo-1_flip-01_TB1EPI.nii\",\"qmri_mpm/sub-01/fmap/sub-01_echo-1_flip-02_TB1EPI.json\",\"qmri_mpm/sub-01/fmap/sub-01_echo-1_flip-02_TB1EPI.nii\",\"qmri_mpm/sub-01/fmap/sub-01_echo-1_flip-03_TB1EPI.json\",\"qmri_mpm/sub-01/fmap/sub-01_echo-1_flip-03_TB1EPI.nii\",\"qmri_mpm/sub-01/fmap/sub-01_echo-1_flip-04_TB1EPI.json\",\"qmri_mpm/sub-01/fmap/sub-01_echo-1_flip-04_TB1EPI.nii\",\"qmri_mpm/sub-01/fmap/sub-01_echo-1_flip-05_TB1EPI.json\",\"qmri_mpm/sub-01/fmap/sub-01_echo-1_flip-05_TB1EPI.nii\",\"qmri_mpm/sub-01/fmap/sub-01_echo-1_flip-06_TB1EPI.json\",\"qmri_mpm/sub-01/fmap/sub-01_echo-1_flip-06_TB1EPI.nii\",\"qmri_mpm/sub-01/fmap/sub-01_echo-1_flip-07_TB1EPI.json\",\"qmri_mpm/sub-01/fmap/sub-01_echo-1_flip-07_TB1EPI.nii\",\"qmri_mpm/sub-01/fmap/sub-01_echo-1_flip-08_TB1EPI.json\",\"qmri_mpm/sub-01/fmap/sub-01_echo-1_flip-08_TB1EPI.nii\",\"qmri_mpm/sub-01/fmap/sub-01_echo-1_flip-09_TB1EPI.json\",\"qmri_mpm/sub-01/fmap/sub-01_echo-1_flip-09_TB1EPI.nii\",\"qmri_mpm/sub-01/fmap/sub-01_echo-1_flip-10_TB1EPI.json\",\"qmri_mpm/sub-01/fmap/sub-01_echo-1_flip-10_TB1EPI.nii\",\"qmri_mpm/sub-01/fmap/sub-01_echo-1_flip-11_TB1EPI.json\",\"qmri_mpm/sub-01/fmap/sub-01_echo-1_flip-11_TB1EPI.nii\",\"qmri_mpm/sub-01/fmap/sub-01_echo-2_flip-01_TB1EPI.json\",\"qmri_mpm/sub-01/fmap/sub-01_echo-2_flip-01_TB1EPI.nii\",\"qmri_mpm/sub-01/fmap/sub-01_echo-2_flip-02_TB1EPI.json\",\"qmri_mpm/sub-01/fmap/sub-01_echo-2_flip-02_TB1EPI.nii\",\"qmri_mpm/sub-01/fmap/sub-01_echo-2_flip-03_TB1EPI.json\",\"qmri_mpm/sub-01/fmap/sub-01_echo-2_flip-03_TB1EPI.nii\",\"qmri_mpm/sub-01/fmap/sub-01_echo-2_flip-04_TB1EPI.json\",\"qmri_mpm/sub-01/fmap/sub-01_echo-2_flip-04_TB1EPI.nii\",\"qmri_mpm/sub-01/fmap/sub-01_echo-2_flip-05_TB1EPI.json\",\"qmri_mpm/sub-01/fmap/sub-01_echo-2_flip-05_TB1EPI.nii\",\"qmri_mpm/sub-01/fmap/sub-01_echo-2_flip-06_TB1EPI.json\",\"qmri_mpm/sub-01/fmap/sub-01_echo-2_flip-06_TB1EPI.nii\",\"qmri_mpm/sub-01/fmap/sub-01_echo-2_flip-07_TB1EPI.json\",\"qmri_mpm/sub-01/fmap/sub-01_echo-2_flip-07_TB1EPI.nii\",\"qmri_mpm/sub-01/fmap/sub-01_echo-2_flip-08_TB1EPI.json\",\"qmri_mpm/sub-01/fmap/sub-01_echo-2_flip-08_TB1EPI.nii\",\"qmri_mpm/sub-01/fmap/sub-01_echo-2_flip-09_TB1EPI.json\",\"qmri_mpm/sub-01/fmap/sub-01_echo-2_flip-09_TB1EPI.nii\",\"qmri_mpm/sub-01/fmap/sub-01_echo-2_flip-10_TB1EPI.json\",\"qmri_mpm/sub-01/fmap/sub-01_echo-2_flip-10_TB1EPI.nii\",\"qmri_mpm/sub-01/fmap/sub-01_echo-2_flip-11_TB1EPI.json\",\"qmri_mpm/sub-01/fmap/sub-01_echo-2_flip-11_TB1EPI.nii\",\"qmri_mpm/sub-01/anat/sub-01_acq-MTw_echo-1_flip-1_mt-on_MPM.json\",\"qmri_mpm/sub-01/anat/sub-01_acq-MTw_echo-1_flip-1_mt-on_MPM.nii\",\"qmri_mpm/sub-01/anat/sub-01_acq-MTw_echo-2_flip-1_mt-on_MPM.json\",\"qmri_mpm/sub-01/anat/sub-01_acq-MTw_echo-2_flip-1_mt-on_MPM.nii\",\"qmri_mpm/sub-01/anat/sub-01_acq-MTw_echo-3_flip-1_mt-on_MPM.json\",\"qmri_mpm/sub-01/anat/sub-01_acq-MTw_echo-3_flip-1_mt-on_MPM.nii\",\"qmri_mpm/sub-01/anat/sub-01_acq-MTw_echo-4_flip-1_mt-on_MPM.json\",\"qmri_mpm/sub-01/anat/sub-01_acq-MTw_echo-4_flip-1_mt-on_MPM.nii\",\"qmri_mpm/sub-01/anat/sub-01_acq-MTw_echo-5_flip-1_mt-on_MPM.json\",\"qmri_mpm/sub-01/anat/sub-01_acq-MTw_echo-5_flip-1_mt-on_MPM.nii\",\"qmri_mpm/sub-01/anat/sub-01_acq-MTw_echo-6_flip-1_mt-on_MPM.json\",\"qmri_mpm/sub-01/anat/sub-01_acq-MTw_echo-6_flip-1_mt-on_MPM.nii\",\"qmri_mpm/sub-01/anat/sub-01_acq-PDw_echo-1_flip-1_mt-off_MPM.json\",\"qmri_mpm/sub-01/anat/sub-01_acq-PDw_echo-1_flip-1_mt-off_MPM.nii\",\"qmri_mpm/sub-01/anat/sub-01_acq-PDw_echo-2_flip-1_mt-off_MPM.json\",\"qmri_mpm/sub-01/anat/sub-01_acq-PDw_echo-2_flip-1_mt-off_MPM.nii\",\"qmri_mpm/sub-01/anat/sub-01_acq-PDw_echo-3_flip-1_mt-off_MPM.json\",\"qmri_mpm/sub-01/anat/sub-01_acq-PDw_echo-3_flip-1_mt-off_MPM.nii\",\"qmri_mpm/sub-01/anat/sub-01_acq-PDw_echo-4_flip-1_mt-off_MPM.json\",\"qmri_mpm/sub-01/anat/sub-01_acq-PDw_echo-4_flip-1_mt-off_MPM.nii\",\"qmri_mpm/sub-01/anat/sub-01_acq-PDw_echo-5_flip-1_mt-off_MPM.json\",\"qmri_mpm/sub-01/anat/sub-01_acq-PDw_echo-5_flip-1_mt-off_MPM.nii\",\"qmri_mpm/sub-01/anat/sub-01_acq-PDw_echo-6_flip-1_mt-off_MPM.json\",\"qmri_mpm/sub-01/anat/sub-01_acq-PDw_echo-6_flip-1_mt-off_MPM.nii\",\"qmri_mpm/sub-01/anat/sub-01_acq-PDw_echo-7_flip-1_mt-off_MPM.json\",\"qmri_mpm/sub-01/anat/sub-01_acq-PDw_echo-7_flip-1_mt-off_MPM.nii\",\"qmri_mpm/sub-01/anat/sub-01_acq-PDw_echo-8_flip-1_mt-off_MPM.json\",\"qmri_mpm/sub-01/anat/sub-01_acq-PDw_echo-8_flip-1_mt-off_MPM.nii\",\"qmri_mpm/sub-01/anat/sub-01_acq-T1w_echo-1_flip-2_mt-off_MPM.json\",\"qmri_mpm/sub-01/anat/sub-01_acq-T1w_echo-1_flip-2_mt-off_MPM.nii\",\"qmri_mpm/sub-01/anat/sub-01_acq-T1w_echo-2_flip-2_mt-off_MPM.json\",\"qmri_mpm/sub-01/anat/sub-01_acq-T1w_echo-2_flip-2_mt-off_MPM.nii\",\"qmri_mpm/sub-01/anat/sub-01_acq-T1w_echo-3_flip-2_mt-off_MPM.json\",\"qmri_mpm/sub-01/anat/sub-01_acq-T1w_echo-3_flip-2_mt-off_MPM.nii\",\"qmri_mpm/sub-01/anat/sub-01_acq-T1w_echo-4_flip-2_mt-off_MPM.json\",\"qmri_mpm/sub-01/anat/sub-01_acq-T1w_echo-4_flip-2_mt-off_MPM.nii\",\"qmri_mpm/sub-01/anat/sub-01_acq-T1w_echo-5_flip-2_mt-off_MPM.json\",\"qmri_mpm/sub-01/anat/sub-01_acq-T1w_echo-5_flip-2_mt-off_MPM.nii\",\"qmri_mpm/sub-01/anat/sub-01_acq-T1w_echo-6_flip-2_mt-off_MPM.json\",\"qmri_mpm/sub-01/anat/sub-01_acq-T1w_echo-6_flip-2_mt-off_MPM.nii\",\"qmri_mpm/sub-01/anat/sub-01_acq-T1w_echo-7_flip-2_mt-off_MPM.json\",\"qmri_mpm/sub-01/anat/sub-01_acq-T1w_echo-7_flip-2_mt-off_MPM.nii\",\"qmri_mpm/sub-01/anat/sub-01_acq-T1w_echo-8_flip-2_mt-off_MPM.json\",\"qmri_mpm/sub-01/anat/sub-01_acq-T1w_echo-8_flip-2_mt-off_MPM.nii\"],\"bidsParentDir\":\"/home/local/USHERBROOKE/vala2004/dev/bids2nf/tests/data/bids-examples\",\"subject\":\"sub-01\",\"session\":\"NA\",\"run\":\"NA\",\"task\":\"NA\"}]]"
        ],
        "meta": {
            "nf-test": "0.9.3",
            "nextflow": "25.10.0"
        },
        "timestamp": "2025-10-29T11:07:02.462747768"
    }
}