{
    "ds-mrs_fmrs - Plugin output": {
        "content": [
            "[[[\"sub-01\",\"NA\",\"NA\",\"task-baseline\"],{\"data\":{\"mrsref\":{\"json\":\"ds-mrs_fmrs/sub-01/mrs/sub-01_task-baseline_mrsref.json\",\"nii\":\"ds-mrs_fmrs/sub-01/mrs/sub-01_task-baseline_mrsref.nii.gz\"},\"svs\":{\"json\":\"ds-mrs_fmrs/sub-01/mrs/sub-01_task-baseline_svs.json\",\"nii\":\"ds-mrs_fmrs/sub-01/mrs/sub-01_task-baseline_svs.nii.gz\"},\"T1w\":{\"json\":\"ds-mrs_fmrs/sub-01/anat/sub-01_T1w.json\",\"nii\":\"ds-mrs_fmrs/sub-01/anat/sub-01_T1w.nii.gz\"}},\"filePaths\":[\"ds-mrs_fmrs/sub-01/mrs/sub-01_task-baseline_mrsref.json\",\"ds-mrs_fmrs/sub-01/mrs/sub-01_task-baseline_mrsref.nii.gz\",\"ds-mrs_fmrs/sub-01/mrs/sub-01_task-baseline_svs.json\",\"ds-mrs_fmrs/sub-01/mrs/sub-01_task-baseline_svs.nii.gz\"],\"bidsParentDir\":\"/home/local/USHERBROOKE/vala2004/dev/bids2nf/tests/data/custom\",\"subject\":\"sub-01\",\"session\":\"NA\",\"run\":\"NA\",\"task\":\"task-baseline\"}],[[\"sub-01\",\"NA\",\"NA\",\"task-pain\"],{\"data\":{\"events\":{\"tsv\":\"ds-mrs_fmrs/sub-01/mrs/sub-01_task-pain_events.tsv\"},\"mrsref\":{\"json\":\"ds-mrs_fmrs/sub-01/mrs/sub-01_task-pain_mrsref.json\",\"nii\":\"ds-mrs_fmrs/sub-01/mrs/sub-01_task-pain_mrsref.nii.gz\"},\"svs\":{\"json\":\"ds-mrs_fmrs/sub-01/mrs/sub-01_task-pain_svs.json\",\"nii\":\"ds-mrs_fmrs/sub-01/mrs/sub-01_task-pain_svs.nii.gz\"},\"T1w\":{\"json\":\"ds-mrs_fmrs/sub-01/anat/sub-01_T1w.json\",\"nii\":\"ds-mrs_fmrs/sub-01/anat/sub-01_T1w.nii.gz\"}},\"filePaths\":[\"ds-mrs_fmrs/sub-01/mrs/sub-01_task-pain_events.tsv\",\"ds-mrs_fmrs/sub-01/mrs/sub-01_task-pain_mrsref.json\",\"ds-mrs_fmrs/sub-01/mrs/sub-01_task-pain_mrsref.nii.gz\",\"ds-mrs_fmrs/sub-01/mrs/sub-01_task-pain_svs.json\",\"ds-mrs_fmrs/sub-01/mrs/sub-01_task-pain_svs.nii.gz\"],\"bidsParentDir\":\"/home/local/USHERBROOKE/vala2004/dev/bids2nf/tests/data/custom\",\"subject\":\"sub-01\",\"session\":\"NA\",\"run\":\"NA\",\"task\":\"task-pain\"}]]"
        ],
        "meta": {
            "nf-test": "0.9.3",
            "nextflow": "25.10.0"
        },
        "timestamp": "2025-10-29T11:50:31.459209863"
    },
    "ds-mtsat - Plugin output": {
        "content": [
            "[[[\"sub-invivo1\",\"NA\",\"NA\",\"NA\"],{\"data\":{\"MTS\":{\"PDw\":{\"json\":\"ds-mtsat/sub-invivo1/anat/sub-invivo1_flip-01_mt-off_MTS.json\",\"nii\":\"ds-mtsat/sub-invivo1/anat/sub-invivo1_flip-01_mt-off_MTS.nii.gz\"},\"MTw\":{\"json\":\"ds-mtsat/sub-invivo1/anat/sub-invivo1_flip-01_mt-on_MTS.json\",\"nii\":\"ds-mtsat/sub-invivo1/anat/sub-invivo1_flip-01_mt-on_MTS.nii.gz\"},\"T1w\":{\"json\":\"ds-mtsat/sub-invivo1/anat/sub-invivo1_flip-02_mt-off_MTS.json\",\"nii\":\"ds-mtsat/sub-invivo1/anat/sub-invivo1_flip-02_mt-off_MTS.nii.gz\"}}},\"filePaths\":[\"ds-mtsat/sub-invivo1/anat/sub-invivo1_flip-01_mt-off_MTS.json\",\"ds-mtsat/sub-invivo1/anat/sub-invivo1_flip-01_mt-off_MTS.nii.gz\",\"ds-mtsat/sub-invivo1/anat/sub-invivo1_flip-01_mt-on_MTS.json\",\"ds-mtsat/sub-invivo1/anat/sub-invivo1_flip-01_mt-on_MTS.nii.gz\",\"ds-mtsat/sub-invivo1/anat/sub-invivo1_flip-02_mt-off_MTS.json\",\"ds-mtsat/sub-invivo1/anat/sub-invivo1_flip-02_mt-off_MTS.nii.gz\"],\"bidsParentDir\":\"/home/local/USHERBROOKE/vala2004/dev/bids2nf/tests/data/custom\",\"subject\":\"sub-invivo1\",\"session\":\"NA\",\"run\":\"NA\",\"task\":\"NA\"}],[[\"sub-invivo2\",\"NA\",\"run-01\",\"NA\"],{\"data\":{\"MTS\":{\"PDw\":{\"json\":\"ds-mtsat/sub-invivo2/anat/sub-invivo2_run-01_flip-01_mt-off_MTS.json\",\"nii\":\"ds-mtsat/sub-invivo2/anat/sub-invivo2_run-01_flip-01_mt-off_MTS.nii.gz\"},\"MTw\":{\"json\":\"ds-mtsat/sub-invivo2/anat/sub-invivo2_run-01_flip-01_mt-on_MTS.json\",\"nii\":\"ds-mtsat/sub-invivo2/anat/sub-invivo2_run-01_flip-01_mt-on_MTS.nii.gz\"},\"T1w\":{\"json\":\"ds-mtsat/sub-invivo2/anat/sub-invivo2_run-01_flip-02_mt-off_MTS.json\",\"nii\":\"ds-mtsat/sub-invivo2/anat/sub-invivo2_run-01_flip-02_mt-off_MTS.nii.gz\"}}},\"filePaths\":[\"ds-mtsat/sub-invivo2/anat/sub-invivo2_run-01_flip-01_mt-off_MTS.json\",\"ds-mtsat/sub-invivo2/anat/sub-invivo2_run-01_flip-01_mt-off_MTS.nii.gz\",\"ds-mtsat/sub-invivo2/anat/sub-invivo2_run-01_flip-01_mt-on_MTS.json\",\"ds-mtsat/sub-invivo2/anat/sub-invivo2_run-01_flip-01_mt-on_MTS.nii.gz\",\"ds-mtsat/sub-invivo2/anat/sub-invivo2_run-01_flip-02_mt-off_MTS.json\",\"ds-mtsat/sub-invivo2/anat/sub-invivo2_run-01_flip-02_mt-off_MTS.nii.gz\"],\"bidsParentDir\":\"/home/local/USHERBROOKE/vala2004/dev/bids2nf/tests/data/custom\",\"subject\":\"sub-invivo2\",\"session\":\"NA\",\"run\":\"run-01\",\"task\":\"NA\"}],[[\"sub-invivo2\",\"NA\",\"run-02\",\"NA\"],{\"data\":{\"MTS\":{\"PDw\":{\"json\":\"ds-mtsat/sub-invivo2/anat/sub-invivo2_run-02_flip-01_mt-off_MTS.json\",\"nii\":\"ds-mtsat/sub-invivo2/anat/sub-invivo2_run-02_flip-01_mt-off_MTS.nii.gz\"},\"MTw\":{\"json\":\"ds-mtsat/sub-invivo2/anat/sub-invivo2_run-02_flip-01_mt-on_MTS.json\",\"nii\":\"ds-mtsat/sub-invivo2/anat/sub-invivo2_run-02_flip-01_mt-on_MTS.nii.gz\"},\"T1w\":{\"json\":\"ds-mtsat/sub-invivo2/anat/sub-invivo2_run-02_flip-02_mt-off_MTS.json\",\"nii\":\"ds-mtsat/sub-invivo2/anat/sub-invivo2_run-02_flip-02_mt-off_MTS.nii.gz\"}}},\"filePaths\":[\"ds-mtsat/sub-invivo2/anat/sub-invivo2_run-02_flip-01_mt-off_MTS.json\",\"ds-mtsat/sub-invivo2/anat/sub-invivo2_run-02_flip-01_mt-off_MTS.nii.gz\",\"ds-mtsat/sub-invivo2/anat/sub-invivo2_run-02_flip-01_mt-on_MTS.json\",\"ds-mtsat/sub-invivo2/anat/sub-invivo2_run-02_flip-01_mt-on_MTS.nii.gz\",\"ds-mtsat/sub-invivo2/anat/sub-invivo2_run-02_flip-02_mt-off_MTS.json\",\"ds-mtsat/sub-invivo2/anat/sub-invivo2_run-02_flip-02_mt-off_MTS.nii.gz\"],\"bidsParentDir\":\"/home/local/USHERBROOKE/vala2004/dev/bids2nf/tests/data/custom\",\"subject\":\"sub-invivo2\",\"session\":\"NA\",\"run\":\"run-02\",\"task\":\"NA\"}],[[\"sub-phantom\",\"ses-rth750rev\",\"run-01\",\"NA\"],{\"data\":{\"MTS\":{\"PDw\":{\"json\":\"ds-mtsat/sub-phantom/ses-rth750rev/anat/sub-phantom_ses-rth750rev_run-01_flip-01_mt-off_MTS.json\",\"nii\":\"ds-mtsat/sub-phantom/ses-rth750rev/anat/sub-phantom_ses-rth750rev_run-01_flip-01_mt-off_MTS.nii.gz\"},\"MTw\":{\"json\":\"ds-mtsat/sub-phantom/ses-rth750rev/anat/sub-phantom_ses-rth750rev_run-01_flip-01_mt-on_MTS.json\",\"nii\":\"ds-mtsat/sub-phantom/ses-rth750rev/anat/sub-phantom_ses-rth750rev_run-01_flip-01_mt-on_MTS.nii.gz\"},\"T1w\":{\"json\":\"ds-mtsat/sub-phantom/ses-rth750rev/anat/sub-phantom_ses-rth750rev_run-01_flip-02_mt-off_MTS.json\",\"nii\":\"ds-mtsat/sub-phantom/ses-rth750rev/anat/sub-phantom_ses-rth750rev_run-01_flip-02_mt-off_MTS.nii.gz\"}}},\"filePaths\":[\"ds-mtsat/sub-phantom/ses-rth750rev/anat/sub-phantom_ses-rth750rev_run-01_flip-01_mt-off_MTS.json\",\"ds-mtsat/sub-phantom/ses-rth750rev/anat/sub-phantom_ses-rth750rev_run-01_flip-01_mt-off_MTS.nii.gz\",\"ds-mtsat/sub-phantom/ses-rth750rev/anat/sub-phantom_ses-rth750rev_run-01_flip-01_mt-on_MTS.json\",\"ds-mtsat/sub-phantom/ses-rth750rev/anat/sub-phantom_ses-rth750rev_run-01_flip-01_mt-on_MTS.nii.gz\",\"ds-mtsat/sub-phantom/ses-rth750rev/anat/sub-phantom_ses-rth750rev_run-01_flip-02_mt-off_MTS.json\",\"ds-mtsat/sub-phantom/ses-rth750rev/anat/sub-phantom_ses-rth750rev_run-01_flip-02_mt-off_MTS.nii.gz\"],\"bidsParentDir\":\"/home/local/USHERBROOKE/vala2004/dev/bids2nf/tests/data/custom\",\"subject\":\"sub-phantom\",\"session\":\"ses-rth750rev\",\"run\":\"run-01\",\"task\":\"NA\"}],[[\"sub-phantom\",\"ses-rth750rev\",\"run-02\",\"NA\"],{\"data\":{\"MTS\":{\"PDw\":{\"json\":\"ds-mtsat/sub-phantom/ses-rth750rev/anat/sub-phantom_ses-rth750rev_run-02_flip-01_mt-off_MTS.json\",\"nii\":\"ds-mtsat/sub-phantom/ses-rth750rev/anat/sub-phantom_ses-rth750rev_run-02_flip-01_mt-off_MTS.nii.gz\"},\"MTw\":{\"json\":\"ds-mtsat/sub-phantom/ses-rth750rev/anat/sub-phantom_ses-rth750rev_run-02_flip-01_mt-on_MTS.json\",\"nii\":\"ds-mtsat/sub-phantom/ses-rth750rev/anat/sub-phantom_ses-rth750rev_run-02_flip-01_mt-on_MTS.nii.gz\"},\"T1w\":{\"json\":\"ds-mtsat/sub-phantom/ses-rth750rev/anat/sub-phantom_ses-rth750rev_run-02_flip-02_mt-off_MTS.json\",\"nii\":\"ds-mtsat/sub-phantom/ses-rth750rev/anat/sub-phantom_ses-rth750rev_run-02_flip-02_mt-off_MTS.nii.gz\"}}},\"filePaths\":[\"ds-mtsat/sub-phantom/ses-rth750rev/anat/sub-phantom_ses-rth750rev_run-02_flip-01_mt-off_MTS.json\",\"ds-mtsat/sub-phantom/ses-rth750rev/anat/sub-phantom_ses-rth750rev_run-02_flip-01_mt-off_MTS.nii.gz\",\"ds-mtsat/sub-phantom/ses-rth750rev/anat/sub-phantom_ses-rth750rev_run-02_flip-01_mt-on_MTS.json\",\"ds-mtsat/sub-phantom/ses-rth750rev/anat/sub-phantom_ses-rth750rev_run-02_flip-01_mt-on_MTS.nii.gz\",\"ds-mtsat/sub-phantom/ses-rth750rev/anat/sub-phantom_ses-rth750rev_run-02_flip-02_mt-off_MTS.json\",\"ds-mtsat/sub-phantom/ses-rth750rev/anat/sub-phantom_ses-rth750rev_run-02_flip-02_mt-off_MTS.nii.gz\"],\"bidsParentDir\":\"/home/local/USHERBROOKE/vala2004/dev/bids2nf/tests/data/custom\",\"subject\":\"sub-phantom\",\"session\":\"ses-rth750rev\",\"run\":\"run-02\",\"task\":\"NA\"}],[[\"sub-phantom\",\"ses-rthPRIrev\",\"NA\",\"NA\"],{\"data\":{\"MTS\":{\"PDw\":{\"json\":\"ds-mtsat/sub-phantom/ses-rthPRIrev/anat/sub-phantom_ses-rthPRIrev_flip-01_mt-off_MTS.json\",\"nii\":\"ds-mtsat/sub-phantom/ses-rthPRIrev/anat/sub-phantom_ses-rthPRIrev_flip-01_mt-off_MTS.nii.gz\"},\"MTw\":{\"json\":\"ds-mtsat/sub-phantom/ses-rthPRIrev/anat/sub-phantom_ses-rthPRIrev_flip-01_mt-on_MTS.json\",\"nii\":\"ds-mtsat/sub-phantom/ses-rthPRIrev/anat/sub-phantom_ses-rthPRIrev_flip-01_mt-on_MTS.nii.gz\"},\"T1w\":{\"json\":\"ds-mtsat/sub-phantom/ses-rthPRIrev/anat/sub-phantom_ses-rthPRIrev_flip-02_mt-off_MTS.json\",\"nii\":\"ds-mtsat/sub-phantom/ses-rthPRIrev/anat/sub-phantom_ses-rthPRIrev_flip-02_mt-off_MTS.nii.gz\"}}},\"filePaths\":[\"ds-mtsat/sub-phantom/ses-rthPRIrev/anat/sub-phantom_ses-rthPRIrev_flip-01_mt-off_MTS.json\",\"ds-mtsat/sub-phantom/ses-rthPRIrev/anat/sub-phantom_ses-rthPRIrev_flip-01_mt-off_MTS.nii.gz\",\"ds-mtsat/sub-phantom/ses-rthPRIrev/anat/sub-phantom_ses-rthPRIrev_flip-01_mt-on_MTS.json\",\"ds-mtsat/sub-phantom/ses-rthPRIrev/anat/sub-phantom_ses-rthPRIrev_flip-01_mt-on_MTS.nii.gz\",\"ds-mtsat/sub-phantom/ses-rthPRIrev/anat/sub-phantom_ses-rthPRIrev_flip-02_mt-off_MTS.json\",\"ds-mtsat/sub-phantom/ses-rthPRIrev/anat/sub-phantom_ses-rthPRIrev_flip-02_mt-off_MTS.nii.gz\"],\"bidsParentDir\":\"/home/local/USHERBROOKE/vala2004/dev/bids2nf/tests/data/custom\",\"subject\":\"sub-phantom\",\"session\":\"ses-rthPRIrev\",\"run\":\"NA\",\"task\":\"NA\"}],[[\"sub-phantom\",\"ses-rthSKYrev\",\"NA\",\"NA\"],{\"data\":{\"MTS\":{\"PDw\":{\"json\":\"ds-mtsat/sub-phantom/ses-rthSKYrev/anat/sub-phantom_ses-rthSKYrev_flip-01_mt-off_MTS.json\",\"nii\":\"ds-mtsat/sub-phantom/ses-rthSKYrev/anat/sub-phantom_ses-rthSKYrev_flip-01_mt-off_MTS.nii.gz\"},\"MTw\":{\"json\":\"ds-mtsat/sub-phantom/ses-rthSKYrev/anat/sub-phantom_ses-rthSKYrev_flip-01_mt-on_MTS.json\",\"nii\":\"ds-mtsat/sub-phantom/ses-rthSKYrev/anat/sub-phantom_ses-rthSKYrev_flip-01_mt-on_MTS.nii.gz\"},\"T1w\":{\"json\":\"ds-mtsat/sub-phantom/ses-rthSKYrev/anat/sub-phantom_ses-rthSKYrev_flip-02_mt-off_MTS.json\",\"nii\":\"ds-mtsat/sub-phantom/ses-rthSKYrev/anat/sub-phantom_ses-rthSKYrev_flip-02_mt-off_MTS.nii.gz\"}}},\"filePaths\":[\"ds-mtsat/sub-phantom/ses-rthSKYrev/anat/sub-phantom_ses-rthSKYrev_flip-01_mt-off_MTS.json\",\"ds-mtsat/sub-phantom/ses-rthSKYrev/anat/sub-phantom_ses-rthSKYrev_flip-01_mt-off_MTS.nii.gz\",\"ds-mtsat/sub-phantom/ses-rthSKYrev/anat/sub-phantom_ses-rthSKYrev_flip-01_mt-on_MTS.json\",\"ds-mtsat/sub-phantom/ses-rthSKYrev/anat/sub-phantom_ses-rthSKYrev_flip-01_mt-on_MTS.nii.gz\",\"ds-mtsat/sub-phantom/ses-rthSKYrev/anat/sub-phantom_ses-rthSKYrev_flip-02_mt-off_MTS.json\",\"ds-mtsat/sub-phantom/ses-rthSKYrev/anat/sub-phantom_ses-rthSKYrev_flip-02_mt-off_MTS.nii.gz\"],\"bidsParentDir\":\"/home/local/USHERBROOKE/vala2004/dev/bids2nf/tests/data/custom\",\"subject\":\"sub-phantom\",\"session\":\"ses-rthSKYrev\",\"run\":\"NA\",\"task\":\"NA\"}],[[\"sub-phantom\",\"ses-vendor750rev\",\"NA\",\"NA\"],{\"data\":{\"MTS\":{\"PDw\":{\"json\":\"ds-mtsat/sub-phantom/ses-vendor750rev/anat/sub-phantom_ses-vendor750rev_flip-01_mt-off_MTS.json\",\"nii\":\"ds-mtsat/sub-phantom/ses-vendor750rev/anat/sub-phantom_ses-vendor750rev_flip-01_mt-off_MTS.nii.gz\"},\"MTw\":{\"json\":\"ds-mtsat/sub-phantom/ses-vendor750rev/anat/sub-phantom_ses-vendor750rev_flip-01_mt-on_MTS.json\",\"nii\":\"ds-mtsat/sub-phantom/ses-vendor750rev/anat/sub-phantom_ses-vendor750rev_flip-01_mt-on_MTS.nii.gz\"},\"T1w\":{\"json\":\"ds-mtsat/sub-phantom/ses-vendor750rev/anat/sub-phantom_ses-vendor750rev_flip-02_mt-off_MTS.json\",\"nii\":\"ds-mtsat/sub-phantom/ses-vendor750rev/anat/sub-phantom_ses-vendor750rev_flip-02_mt-off_MTS.nii.gz\"}}},\"filePaths\":[\"ds-mtsat/sub-phantom/ses-vendor750rev/anat/sub-phantom_ses-vendor750rev_flip-01_mt-off_MTS.json\",\"ds-mtsat/sub-phantom/ses-vendor750rev/anat/sub-phantom_ses-vendor750rev_flip-01_mt-off_MTS.nii.gz\",\"ds-mtsat/sub-phantom/ses-vendor750rev/anat/sub-phantom_ses-vendor750rev_flip-01_mt-on_MTS.json\",\"ds-mtsat/sub-phantom/ses-vendor750rev/anat/sub-phantom_ses-vendor750rev_flip-01_mt-on_MTS.nii.gz\",\"ds-mtsat/sub-phantom/ses-vendor750rev/anat/sub-phantom_ses-vendor750rev_flip-02_mt-off_MTS.json\",\"ds-mtsat/sub-phantom/ses-vendor750rev/anat/sub-phantom_ses-vendor750rev_flip-02_mt-off_MTS.nii.gz\"],\"bidsParentDir\":\"/home/local/USHERBROOKE/vala2004/dev/bids2nf/tests/data/custom\",\"subject\":\"sub-phantom\",\"session\":\"ses-vendor750rev\",\"run\":\"NA\",\"task\":\"NA\"}],[[\"sub-phantom\",\"ses-vendorPRIrev\",\"NA\",\"NA\"],{\"data\":{\"MTS\":{\"PDw\":{\"json\":\"ds-mtsat/sub-phantom/ses-vendorPRIrev/anat/sub-phantom_ses-vendorPRIrev_flip-01_mt-off_MTS.json\",\"nii\":\"ds-mtsat/sub-phantom/ses-vendorPRIrev/anat/sub-phantom_ses-vendorPRIrev_flip-01_mt-off_MTS.nii.gz\"},\"MTw\":{\"json\":\"ds-mtsat/sub-phantom/ses-vendorPRIrev/anat/sub-phantom_ses-vendorPRIrev_flip-01_mt-on_MTS.json\",\"nii\":\"ds-mtsat/sub-phantom/ses-vendorPRIrev/anat/sub-phantom_ses-vendorPRIrev_flip-01_mt-on_MTS.nii.gz\"},\"T1w\":{\"json\":\"ds-mtsat/sub-phantom/ses-vendorPRIrev/anat/sub-phantom_ses-vendorPRIrev_flip-02_mt-off_MTS.json\",\"nii\":\"ds-mtsat/sub-phantom/ses-vendorPRIrev/anat/sub-phantom_ses-vendorPRIrev_flip-02_mt-off_MTS.nii.gz\"}}},\"filePaths\":[\"ds-mtsat/sub-phantom/ses-vendorPRIrev/anat/sub-phantom_ses-vendorPRIrev_flip-01_mt-off_MTS.json\",\"ds-mtsat/sub-phantom/ses-vendorPRIrev/anat/sub-phantom_ses-vendorPRIrev_flip-01_mt-off_MTS.nii.gz\",\"ds-mtsat/sub-phantom/ses-vendorPRIrev/anat/sub-phantom_ses-vendorPRIrev_flip-01_mt-on_MTS.json\",\"ds-mtsat/sub-phantom/ses-vendorPRIrev/anat/sub-phantom_ses-vendorPRIrev_flip-01_mt-on_MTS.nii.gz\",\"ds-mtsat/sub-phantom/ses-vendorPRIrev/anat/sub-phantom_ses-vendorPRIrev_flip-02_mt-off_MTS.json\",\"ds-mtsat/sub-phantom/ses-vendorPRIrev/anat/sub-phantom_ses-vendorPRIrev_flip-02_mt-off_MTS.nii.gz\"],\"bidsParentDir\":\"/home/local/USHERBROOKE/vala2004/dev/bids2nf/tests/data/custom\",\"subject\":\"sub-phantom\",\"session\":\"ses-vendorPRIrev\",\"run\":\"NA\",\"task\":\"NA\"}],[[\"sub-phantom\",\"ses-vendorSKYrev\",\"NA\",\"NA\"],{\"data\":{\"MTS\":{\"PDw\":{\"json\":\"ds-mtsat/sub-phantom/ses-vendorSKYrev/anat/sub-phantom_ses-vendorSKYrev_flip-01_mt-off_MTS.json\",\"nii\":\"ds-mtsat/sub-phantom/ses-vendorSKYrev/anat/sub-phantom_ses-vendorSKYrev_flip-01_mt-off_MTS.nii.gz\"},\"MTw\":{\"json\":\"ds-mtsat/sub-phantom/ses-vendorSKYrev/anat/sub-phantom_ses-vendorSKYrev_flip-01_mt-on_MTS.json\",\"nii\":\"ds-mtsat/sub-phantom/ses-vendorSKYrev/anat/sub-phantom_ses-vendorSKYrev_flip-01_mt-on_MTS.nii.gz\"},\"T1w\":{\"json\":\"ds-mtsat/sub-phantom/ses-vendorSKYrev/anat/sub-phantom_ses-vendorSKYrev_flip-02_mt-off_MTS.json\",\"nii\":\"ds-mtsat/sub-phantom/ses-vendorSKYrev/anat/sub-phantom_ses-vendorSKYrev_flip-02_mt-off_MTS.nii.gz\"}}},\"filePaths\":[\"ds-mtsat/sub-phantom/ses-vendorSKYrev/anat/sub-phantom_ses-vendorSKYrev_flip-01_mt-off_MTS.json\",\"ds-mtsat/sub-phantom/ses-vendorSKYrev/anat/sub-phantom_ses-vendorSKYrev_flip-01_mt-off_MTS.nii.gz\",\"ds-mtsat/sub-phantom/ses-vendorSKYrev/anat/sub-phantom_ses-vendorSKYrev_flip-01_mt-on_MTS.json\",\"ds-mtsat/sub-phantom/ses-vendorSKYrev/anat/sub-phantom_ses-vendorSKYrev_flip-01_mt-on_MTS.nii.gz\",\"ds-mtsat/sub-phantom/ses-vendorSKYrev/anat/sub-phantom_ses-vendorSKYrev_flip-02_mt-off_MTS.json\",\"ds-mtsat/sub-phantom/ses-vendorSKYrev/anat/sub-phantom_ses-vendorSKYrev_flip-02_mt-off_MTS.nii.gz\"],\"bidsParentDir\":\"/home/local/USHERBROOKE/vala2004/dev/bids2nf/tests/data/custom\",\"subject\":\"sub-phantom\",\"session\":\"ses-vendorSKYrev\",\"run\":\"NA\",\"task\":\"NA\"}]]"
        ],
        "meta": {
            "nf-test": "0.9.3",
            "nextflow": "25.10.0"
        },
        "timestamp": "2025-10-28T22:02:10.009699117"
    },
    "ds-dwi3 - Plugin output": {
        "content": [
            "[[[\"sub-01\",\"ses-005\",\"NA\",\"NA\"],{\"data\":{\"epi_fullreverse\":{\"ap\":{\"json\":\"ds-dwi3/sub-01/ses-005/fmap/sub-01_ses-005_dir-AP_epi.json\",\"nii\":\"ds-dwi3/sub-01/ses-005/fmap/sub-01_ses-005_dir-AP_epi.nii.gz\"},\"pa\":{\"json\":\"ds-dwi3/sub-01/ses-005/fmap/sub-01_ses-005_dir-PA_epi.json\",\"nii\":\"ds-dwi3/sub-01/ses-005/fmap/sub-01_ses-005_dir-PA_epi.nii.gz\"}},\"T1w\":{\"json\":\"ds-dwi3/sub-01/ses-005/anat/sub-01_ses-005_T1w.json\",\"nii\":\"ds-dwi3/sub-01/ses-005/anat/sub-01_ses-005_T1w.nii.gz\"},\"dwi\":{\"bval\":\"ds-dwi3/sub-01/ses-005/dwi/sub-01_ses-005_dir-AP_dwi.bval\",\"bvec\":\"ds-dwi3/sub-01/ses-005/dwi/sub-01_ses-005_dir-AP_dwi.bvec\",\"json\":\"ds-dwi3/sub-01/ses-005/dwi/sub-01_ses-005_dir-AP_dwi.json\",\"nii\":\"ds-dwi3/sub-01/ses-005/dwi/sub-01_ses-005_dir-AP_dwi.nii.gz\"},\"epi\":{\"json\":\"ds-dwi3/sub-01/ses-005/fmap/sub-01_ses-005_dir-PA_epi.json\",\"nii\":\"ds-dwi3/sub-01/ses-005/fmap/sub-01_ses-005_dir-PA_epi.nii.gz\"}},\"filePaths\":[\"ds-dwi3/sub-01/ses-005/dwi/sub-01_ses-005_dir-AP_dwi.bval\",\"ds-dwi3/sub-01/ses-005/dwi/sub-01_ses-005_dir-AP_dwi.bvec\",\"ds-dwi3/sub-01/ses-005/dwi/sub-01_ses-005_dir-AP_dwi.json\",\"ds-dwi3/sub-01/ses-005/dwi/sub-01_ses-005_dir-AP_dwi.nii.gz\",\"ds-dwi3/sub-01/ses-005/fmap/sub-01_ses-005_dir-AP_epi.json\",\"ds-dwi3/sub-01/ses-005/fmap/sub-01_ses-005_dir-AP_epi.nii.gz\",\"ds-dwi3/sub-01/ses-005/fmap/sub-01_ses-005_dir-PA_epi.json\",\"ds-dwi3/sub-01/ses-005/fmap/sub-01_ses-005_dir-PA_epi.nii.gz\",\"ds-dwi3/sub-01/ses-005/anat/sub-01_ses-005_T1w.json\",\"ds-dwi3/sub-01/ses-005/anat/sub-01_ses-005_T1w.nii.gz\"],\"bidsParentDir\":\"/home/local/USHERBROOKE/vala2004/dev/bids2nf/tests/data/custom\",\"subject\":\"sub-01\",\"session\":\"ses-005\",\"run\":\"NA\",\"task\":\"NA\"}]]"
        ],
        "meta": {
            "nf-test": "0.9.3",
            "nextflow": "25.10.0"
        },
        "timestamp": "2025-10-29T12:56:00.400190121"
    },
    "ds-dwi4 - Plugin output": {
        "content": [
            "[[[\"sub-01\",\"ses-005\",\"NA\",\"NA\"],{\"data\":{\"MTS\":{\"PDw\":{\"json\":\"ds-dwi4/sub-01/ses-005/anat/sub-01_ses-005_rec-dis2d_flip-1_mt-off_MTS.json\",\"nii\":\"ds-dwi4/sub-01/ses-005/anat/sub-01_ses-005_rec-dis2d_flip-1_mt-off_MTS.nii.gz\"},\"MTw\":{\"json\":\"ds-dwi4/sub-01/ses-005/anat/sub-01_ses-005_rec-dis2d_flip-1_mt-on_MTS.json\",\"nii\":\"ds-dwi4/sub-01/ses-005/anat/sub-01_ses-005_rec-dis2d_flip-1_mt-on_MTS.nii.gz\"},\"T1w\":{\"json\":\"ds-dwi4/sub-01/ses-005/anat/sub-01_ses-005_rec-dis2d_flip-2_mt-off_MTS.json\",\"nii\":\"ds-dwi4/sub-01/ses-005/anat/sub-01_ses-005_rec-dis2d_flip-2_mt-off_MTS.nii.gz\"}},\"dwi_fullreverse\":{\"ap\":{\"bval\":\"ds-dwi4/sub-01/ses-005/dwi/sub-01_ses-005_dir-AP_dwi.bval\",\"bvec\":\"ds-dwi4/sub-01/ses-005/dwi/sub-01_ses-005_dir-AP_dwi.bvec\",\"json\":\"ds-dwi4/sub-01/ses-005/dwi/sub-01_ses-005_dir-AP_dwi.json\",\"nii\":\"ds-dwi4/sub-01/ses-005/dwi/sub-01_ses-005_dir-AP_dwi.nii.gz\"},\"pa\":{\"bval\":\"ds-dwi4/sub-01/ses-005/dwi/sub-01_ses-005_dir-PA_dwi.bval\",\"bvec\":\"ds-dwi4/sub-01/ses-005/dwi/sub-01_ses-005_dir-PA_dwi.bvec\",\"json\":\"ds-dwi4/sub-01/ses-005/dwi/sub-01_ses-005_dir-PA_dwi.json\",\"nii\":\"ds-dwi4/sub-01/ses-005/dwi/sub-01_ses-005_dir-PA_dwi.nii.gz\"}},\"sbref_fullreverse\":{\"ap\":{\"json\":\"ds-dwi4/sub-01/ses-005/dwi/sub-01_ses-005_dir-AP_sbref.json\",\"nii\":\"ds-dwi4/sub-01/ses-005/dwi/sub-01_ses-005_dir-AP_sbref.nii.gz\"},\"pa\":{\"json\":\"ds-dwi4/sub-01/ses-005/dwi/sub-01_ses-005_dir-PA_sbref.json\",\"nii\":\"ds-dwi4/sub-01/ses-005/dwi/sub-01_ses-005_dir-PA_sbref.nii.gz\"}},\"TB1TFL\":{\"anat\":{\"json\":\"ds-dwi4/sub-01/ses-005/fmap/sub-01_ses-005_acq-anat_TB1TFL.json\",\"nii\":\"ds-dwi4/sub-01/ses-005/fmap/sub-01_ses-005_acq-anat_TB1TFL.nii.gz\"},\"famp\":{\"json\":\"ds-dwi4/sub-01/ses-005/fmap/sub-01_ses-005_acq-famp_TB1TFL.json\",\"nii\":\"ds-dwi4/sub-01/ses-005/fmap/sub-01_ses-005_acq-famp_TB1TFL.nii.gz\"}},\"MP2RAGE\":{\"json\":[\"ds-dwi4/sub-01/ses-005/anat/sub-01_ses-005_inv-1_MP2RAGE.json\",\"ds-dwi4/sub-01/ses-005/anat/sub-01_ses-005_inv-2_MP2RAGE.json\"],\"nii\":[\"ds-dwi4/sub-01/ses-005/anat/sub-01_ses-005_inv-1_MP2RAGE.nii.gz\",\"ds-dwi4/sub-01/ses-005/anat/sub-01_ses-005_inv-2_MP2RAGE.nii.gz\"]},\"T2starw\":{\"json\":\"ds-dwi4/sub-01/ses-005/anat/sub-01_ses-005_bp-cspine_T2starw.json\",\"nii\":\"ds-dwi4/sub-01/ses-005/anat/sub-01_ses-005_bp-cspine_T2starw.nii.gz\"},\"T2w\":{\"json\":\"ds-dwi4/sub-01/ses-005/anat/sub-01_ses-005_T2w.json\",\"nii\":\"ds-dwi4/sub-01/ses-005/anat/sub-01_ses-005_T2w.nii.gz\"},\"T1w\":{\"json\":\"ds-dwi4/sub-01/ses-005/anat/sub-01_ses-005_T1w.json\",\"nii\":\"ds-dwi4/sub-01/ses-005/anat/sub-01_ses-005_T1w.nii.gz\"},\"UNIT1\":{\"json\":\"ds-dwi4/sub-01/ses-005/anat/sub-01_ses-005_UNIT1.json\",\"nii\":\"ds-dwi4/sub-01/ses-005/anat/sub-01_ses-005_UNIT1.nii.gz\"},\"dwi\":{\"bval\":\"ds-dwi4/sub-01/ses-005/dwi/sub-01_ses-005_dir-PA_dwi.bval\",\"bvec\":\"ds-dwi4/sub-01/ses-005/dwi/sub-01_ses-005_dir-PA_dwi.bvec\",\"json\":\"ds-dwi4/sub-01/ses-005/dwi/sub-01_ses-005_dir-PA_dwi.json\",\"nii\":\"ds-dwi4/sub-01/ses-005/dwi/sub-01_ses-005_dir-PA_dwi.nii.gz\"},\"sbref\":{\"json\":\"ds-dwi4/sub-01/ses-005/dwi/sub-01_ses-005_dir-PA_sbref.json\",\"nii\":\"ds-dwi4/sub-01/ses-005/dwi/sub-01_ses-005_dir-PA_sbref.nii.gz\"}},\"filePaths\":[\"ds-dwi4/sub-01/ses-005/anat/sub-01_ses-005_rec-dis2d_flip-1_mt-off_MTS.json\",\"ds-dwi4/sub-01/ses-005/anat/sub-01_ses-005_rec-dis2d_flip-1_mt-off_MTS.nii.gz\",\"ds-dwi4/sub-01/ses-005/anat/sub-01_ses-005_rec-dis2d_flip-1_mt-on_MTS.json\",\"ds-dwi4/sub-01/ses-005/anat/sub-01_ses-005_rec-dis2d_flip-1_mt-on_MTS.nii.gz\",\"ds-dwi4/sub-01/ses-005/anat/sub-01_ses-005_rec-dis2d_flip-2_mt-off_MTS.json\",\"ds-dwi4/sub-01/ses-005/anat/sub-01_ses-005_rec-dis2d_flip-2_mt-off_MTS.nii.gz\",\"ds-dwi4/sub-01/ses-005/dwi/sub-01_ses-005_dir-AP_bp-cspine_dwi.bval\",\"ds-dwi4/sub-01/ses-005/dwi/sub-01_ses-005_dir-AP_bp-cspine_dwi.bvec\",\"ds-dwi4/sub-01/ses-005/dwi/sub-01_ses-005_dir-AP_bp-cspine_dwi.json\",\"ds-dwi4/sub-01/ses-005/dwi/sub-01_ses-005_dir-AP_bp-cspine_dwi.nii.gz\",\"ds-dwi4/sub-01/ses-005/dwi/sub-01_ses-005_dir-AP_dwi.bval\",\"ds-dwi4/sub-01/ses-005/dwi/sub-01_ses-005_dir-AP_dwi.bvec\",\"ds-dwi4/sub-01/ses-005/dwi/sub-01_ses-005_dir-AP_dwi.json\",\"ds-dwi4/sub-01/ses-005/dwi/sub-01_ses-005_dir-AP_dwi.nii.gz\",\"ds-dwi4/sub-01/ses-005/dwi/sub-01_ses-005_dir-AP_sbref.json\",\"ds-dwi4/sub-01/ses-005/dwi/sub-01_ses-005_dir-AP_sbref.nii.gz\",\"ds-dwi4/sub-01/ses-005/dwi/sub-01_ses-005_dir-PA_dwi.bval\",\"ds-dwi4/sub-01/ses-005/dwi/sub-01_ses-005_dir-PA_dwi.bvec\",\"ds-dwi4/sub-01/ses-005/dwi/sub-01_ses-005_dir-PA_dwi.json\",\"ds-dwi4/sub-01/ses-005/dwi/sub-01_ses-005_dir-PA_dwi.nii.gz\",\"ds-dwi4/sub-01/ses-005/dwi/sub-01_ses-005_dir-PA_sbref.json\",\"ds-dwi4/sub-01/ses-005/dwi/sub-01_ses-005_dir-PA_sbref.nii.gz\",\"ds-dwi4/sub-01/ses-005/fmap/sub-01_ses-005_acq-anat_TB1TFL.json\",\"ds-dwi4/sub-01/ses-005/fmap/sub-01_ses-005_acq-anat_TB1TFL.nii.gz\",\"ds-dwi4/sub-01/ses-005/fmap/sub-01_ses-005_acq-famp_TB1TFL.json\",\"ds-dwi4/sub-01/ses-005/fmap/sub-01_ses-005_acq-famp_TB1TFL.nii.gz\",\"ds-dwi4/sub-01/ses-005/anat/sub-01_ses-005_inv-1_MP2RAGE.json\",\"ds-dwi4/sub-01/ses-005/anat/sub-01_ses-005_inv-1_MP2RAGE.nii.gz\",\"ds-dwi4/sub-01/ses-005/anat/sub-01_ses-005_inv-2_MP2RAGE.json\",\"ds-dwi4/sub-01/ses-005/anat/sub-01_ses-005_inv-2_MP2RAGE.nii.gz\",\"ds-dwi4/sub-01/ses-005/anat/sub-01_ses-005_bp-cspine_T2starw.json\",\"ds-dwi4/sub-01/ses-005/anat/sub-01_ses-005_bp-cspine_T2starw.nii.gz\",\"ds-dwi4/sub-01/ses-005/anat/sub-01_ses-005_bp-cspine_T2w.json\",\"ds-dwi4/sub-01/ses-005/anat/sub-01_ses-005_bp-cspine_T2w.nii.gz\",\"ds-dwi4/sub-01/ses-005/anat/sub-01_ses-005_rec-norm_T1w.json\",\"ds-dwi4/sub-01/ses-005/anat/sub-01_ses-005_rec-norm_T1w.nii.gz\",\"ds-dwi4/sub-01/ses-005/anat/sub-01_ses-005_rec-norm_T2w.json\",\"ds-dwi4/sub-01/ses-005/anat/sub-01_ses-005_rec-norm_T2w.nii.gz\",\"ds-dwi4/sub-01/ses-005/anat/sub-01_ses-005_T1w.json\",\"ds-dwi4/sub-01/ses-005/anat/sub-01_ses-005_T1w.nii.gz\",\"ds-dwi4/sub-01/ses-005/anat/sub-01_ses-005_T2w.json\",\"ds-dwi4/sub-01/ses-005/anat/sub-01_ses-005_T2w.nii.gz\",\"ds-dwi4/sub-01/ses-005/anat/sub-01_ses-005_UNIT1.json\",\"ds-dwi4/sub-01/ses-005/anat/sub-01_ses-005_UNIT1.nii.gz\"],\"bidsParentDir\":\"/home/local/USHERBROOKE/vala2004/dev/bids2nf/tests/data/custom\",\"subject\":\"sub-01\",\"session\":\"ses-005\",\"run\":\"NA\",\"task\":\"NA\"}],[[\"sub-06\",\"ses-009\",\"NA\",\"NA\"],{\"data\":{\"MTS\":{\"PDw\":{\"json\":\"ds-dwi4/sub-06/ses-009/anat/sub-06_ses-009_rec-dis2d_flip-1_mt-off_MTS.json\",\"nii\":\"ds-dwi4/sub-06/ses-009/anat/sub-06_ses-009_rec-dis2d_flip-1_mt-off_MTS.nii.gz\"},\"MTw\":{\"json\":\"ds-dwi4/sub-06/ses-009/anat/sub-06_ses-009_rec-dis2d_flip-1_mt-on_MTS.json\",\"nii\":\"ds-dwi4/sub-06/ses-009/anat/sub-06_ses-009_rec-dis2d_flip-1_mt-on_MTS.nii.gz\"},\"T1w\":{\"json\":\"ds-dwi4/sub-06/ses-009/anat/sub-06_ses-009_rec-dis2d_flip-2_mt-off_MTS.json\",\"nii\":\"ds-dwi4/sub-06/ses-009/anat/sub-06_ses-009_rec-dis2d_flip-2_mt-off_MTS.nii.gz\"}},\"dwi_fullreverse\":{\"ap\":{\"bval\":\"ds-dwi4/sub-06/ses-009/dwi/sub-06_ses-009_dir-AP_dwi.bval\",\"bvec\":\"ds-dwi4/sub-06/ses-009/dwi/sub-06_ses-009_dir-AP_dwi.bvec\",\"json\":\"ds-dwi4/sub-06/ses-009/dwi/sub-06_ses-009_dir-AP_dwi.json\",\"nii\":\"ds-dwi4/sub-06/ses-009/dwi/sub-06_ses-009_dir-AP_dwi.nii.gz\"},\"pa\":{\"bval\":\"ds-dwi4/sub-06/ses-009/dwi/sub-06_ses-009_dir-PA_dwi.bval\",\"bvec\":\"ds-dwi4/sub-06/ses-009/dwi/sub-06_ses-009_dir-PA_dwi.bvec\",\"json\":\"ds-dwi4/sub-06/ses-009/dwi/sub-06_ses-009_dir-PA_dwi.json\",\"nii\":\"ds-dwi4/sub-06/ses-009/dwi/sub-06_ses-009_dir-PA_dwi.nii.gz\"}},\"sbref_fullreverse\":{\"ap\":{\"json\":\"ds-dwi4/sub-06/ses-009/dwi/sub-06_ses-009_dir-AP_sbref.json\",\"nii\":\"ds-dwi4/sub-06/ses-009/dwi/sub-06_ses-009_dir-AP_sbref.nii.gz\"},\"pa\":{\"json\":\"ds-dwi4/sub-06/ses-009/dwi/sub-06_ses-009_dir-PA_sbref.json\",\"nii\":\"ds-dwi4/sub-06/ses-009/dwi/sub-06_ses-009_dir-PA_sbref.nii.gz\"}},\"TB1TFL\":{\"anat\":{\"json\":\"ds-dwi4/sub-06/ses-009/fmap/sub-06_ses-009_acq-anat_TB1TFL.json\",\"nii\":\"ds-dwi4/sub-06/ses-009/fmap/sub-06_ses-009_acq-anat_TB1TFL.nii.gz\"},\"famp\":{\"json\":\"ds-dwi4/sub-06/ses-009/fmap/sub-06_ses-009_acq-famp_TB1TFL.json\",\"nii\":\"ds-dwi4/sub-06/ses-009/fmap/sub-06_ses-009_acq-famp_TB1TFL.nii.gz\"}},\"MP2RAGE\":{\"json\":[\"ds-dwi4/sub-06/ses-009/anat/sub-06_ses-009_inv-1_MP2RAGE.json\",\"ds-dwi4/sub-06/ses-009/anat/sub-06_ses-009_inv-2_MP2RAGE.json\"],\"nii\":[\"ds-dwi4/sub-06/ses-009/anat/sub-06_ses-009_inv-1_MP2RAGE.nii.gz\",\"ds-dwi4/sub-06/ses-009/anat/sub-06_ses-009_inv-2_MP2RAGE.nii.gz\"]},\"T2starw\":{\"json\":\"ds-dwi4/sub-06/ses-009/anat/sub-06_ses-009_bp-cspine_T2starw.json\",\"nii\":\"ds-dwi4/sub-06/ses-009/anat/sub-06_ses-009_bp-cspine_T2starw.nii.gz\"},\"T2w\":{\"json\":\"ds-dwi4/sub-06/ses-009/anat/sub-06_ses-009_T2w.json\",\"nii\":\"ds-dwi4/sub-06/ses-009/anat/sub-06_ses-009_T2w.nii.gz\"},\"T1w\":{\"json\":\"ds-dwi4/sub-06/ses-009/anat/sub-06_ses-009_T1w.json\",\"nii\":\"ds-dwi4/sub-06/ses-009/anat/sub-06_ses-009_T1w.nii.gz\"},\"UNIT1\":{\"json\":\"ds-dwi4/sub-06/ses-009/anat/sub-06_ses-009_UNIT1.json\",\"nii\":\"ds-dwi4/sub-06/ses-009/anat/sub-06_ses-009_UNIT1.nii.gz\"},\"dwi\":{\"bval\":\"ds-dwi4/sub-06/ses-009/dwi/sub-06_ses-009_dir-PA_dwi.bval\",\"bvec\":\"ds-dwi4/sub-06/ses-009/dwi/sub-06_ses-009_dir-PA_dwi.bvec\",\"json\":\"ds-dwi4/sub-06/ses-009/dwi/sub-06_ses-009_dir-PA_dwi.json\",\"nii\":\"ds-dwi4/sub-06/ses-009/dwi/sub-06_ses-009_dir-PA_dwi.nii.gz\"},\"sbref\":{\"json\":\"ds-dwi4/sub-06/ses-009/dwi/sub-06_ses-009_dir-PA_sbref.json\",\"nii\":\"ds-dwi4/sub-06/ses-009/dwi/sub-06_ses-009_dir-PA_sbref.nii.gz\"}},\"filePaths\":[\"ds-dwi4/sub-06/ses-009/anat/sub-06_ses-009_rec-dis2d_flip-1_mt-off_MTS.json\",\"ds-dwi4/sub-06/ses-009/anat/sub-06_ses-009_rec-dis2d_flip-1_mt-off_MTS.nii.gz\",\"ds-dwi4/sub-06/ses-009/anat/sub-06_ses-009_rec-dis2d_flip-1_mt-on_MTS.json\",\"ds-dwi4/sub-06/ses-009/anat/sub-06_ses-009_rec-dis2d_flip-1_mt-on_MTS.nii.gz\",\"ds-dwi4/sub-06/ses-009/anat/sub-06_ses-009_rec-dis2d_flip-2_mt-off_MTS.json\",\"ds-dwi4/sub-06/ses-009/anat/sub-06_ses-009_rec-dis2d_flip-2_mt-off_MTS.nii.gz\",\"ds-dwi4/sub-06/ses-009/dwi/sub-06_ses-009_dir-AP_bp-cspine_dwi.bval\",\"ds-dwi4/sub-06/ses-009/dwi/sub-06_ses-009_dir-AP_bp-cspine_dwi.bvec\",\"ds-dwi4/sub-06/ses-009/dwi/sub-06_ses-009_dir-AP_bp-cspine_dwi.json\",\"ds-dwi4/sub-06/ses-009/dwi/sub-06_ses-009_dir-AP_bp-cspine_dwi.nii.gz\",\"ds-dwi4/sub-06/ses-009/dwi/sub-06_ses-009_dir-AP_dwi.bval\",\"ds-dwi4/sub-06/ses-009/dwi/sub-06_ses-009_dir-AP_dwi.bvec\",\"ds-dwi4/sub-06/ses-009/dwi/sub-06_ses-009_dir-AP_dwi.json\",\"ds-dwi4/sub-06/ses-009/dwi/sub-06_ses-009_dir-AP_dwi.nii.gz\",\"ds-dwi4/sub-06/ses-009/dwi/sub-06_ses-009_dir-AP_sbref.json\",\"ds-dwi4/sub-06/ses-009/dwi/sub-06_ses-009_dir-AP_sbref.nii.gz\",\"ds-dwi4/sub-06/ses-009/dwi/sub-06_ses-009_dir-PA_dwi.bval\",\"ds-dwi4/sub-06/ses-009/dwi/sub-06_ses-009_dir-PA_dwi.bvec\",\"ds-dwi4/sub-06/ses-009/dwi/sub-06_ses-009_dir-PA_dwi.json\",\"ds-dwi4/sub-06/ses-009/dwi/sub-06_ses-009_dir-PA_dwi.nii.gz\",\"ds-dwi4/sub-06/ses-009/dwi/sub-06_ses-009_dir-PA_sbref.json\",\"ds-dwi4/sub-06/ses-009/dwi/sub-06_ses-009_dir-PA_sbref.nii.gz\",\"ds-dwi4/sub-06/ses-009/fmap/sub-06_ses-009_acq-anat_TB1TFL.json\",\"ds-dwi4/sub-06/ses-009/fmap/sub-06_ses-009_acq-anat_TB1TFL.nii.gz\",\"ds-dwi4/sub-06/ses-009/fmap/sub-06_ses-009_acq-famp_TB1TFL.json\",\"ds-dwi4/sub-06/ses-009/fmap/sub-06_ses-009_acq-famp_TB1TFL.nii.gz\",\"ds-dwi4/sub-06/ses-009/anat/sub-06_ses-009_inv-1_MP2RAGE.json\",\"ds-dwi4/sub-06/ses-009/anat/sub-06_ses-009_inv-1_MP2RAGE.nii.gz\",\"ds-dwi4/sub-06/ses-009/anat/sub-06_ses-009_inv-2_MP2RAGE.json\",\"ds-dwi4/sub-06/ses-009/anat/sub-06_ses-009_inv-2_MP2RAGE.nii.gz\",\"ds-dwi4/sub-06/ses-009/anat/sub-06_ses-009_bp-cspine_T2starw.json\",\"ds-dwi4/sub-06/ses-009/anat/sub-06_ses-009_bp-cspine_T2starw.nii.gz\",\"ds-dwi4/sub-06/ses-009/anat/sub-06_ses-009_bp-cspine_T2w.json\",\"ds-dwi4/sub-06/ses-009/anat/sub-06_ses-009_bp-cspine_T2w.nii.gz\",\"ds-dwi4/sub-06/ses-009/anat/sub-06_ses-009_rec-norm_T1w.json\",\"ds-dwi4/sub-06/ses-009/anat/sub-06_ses-009_rec-norm_T1w.nii.gz\",\"ds-dwi4/sub-06/ses-009/anat/sub-06_ses-009_rec-norm_T2w.json\",\"ds-dwi4/sub-06/ses-009/anat/sub-06_ses-009_rec-norm_T2w.nii.gz\",\"ds-dwi4/sub-06/ses-009/anat/sub-06_ses-009_T1w.json\",\"ds-dwi4/sub-06/ses-009/anat/sub-06_ses-009_T1w.nii.gz\",\"ds-dwi4/sub-06/ses-009/anat/sub-06_ses-009_T2w.json\",\"ds-dwi4/sub-06/ses-009/anat/sub-06_ses-009_T2w.nii.gz\",\"ds-dwi4/sub-06/ses-009/anat/sub-06_ses-009_UNIT1.json\",\"ds-dwi4/sub-06/ses-009/anat/sub-06_ses-009_UNIT1.nii.gz\"],\"bidsParentDir\":\"/home/local/USHERBROOKE/vala2004/dev/bids2nf/tests/data/custom\",\"subject\":\"sub-06\",\"session\":\"ses-009\",\"run\":\"NA\",\"task\":\"NA\"}]]"
        ],
        "meta": {
            "nf-test": "0.9.3",
            "nextflow": "25.10.0"
        },
        "timestamp": "2025-10-29T14:38:53.988747596"
    },
    "ds-dwi2 - Plugin output": {
        "content": [
            "[[[\"sub-01\",\"ses-005\",\"NA\",\"NA\"],{\"data\":{\"T1w\":{\"json\":\"ds-dwi2/sub-01/ses-005/anat/sub-01_ses-005_T1w.json\",\"nii\":\"ds-dwi2/sub-01/ses-005/anat/sub-01_ses-005_T1w.nii.gz\"},\"dwi\":{\"bval\":\"ds-dwi2/sub-01/ses-005/dwi/sub-01_ses-005_dir-AP_dwi.bval\",\"bvec\":\"ds-dwi2/sub-01/ses-005/dwi/sub-01_ses-005_dir-AP_dwi.bvec\",\"json\":\"ds-dwi2/sub-01/ses-005/dwi/sub-01_ses-005_dir-AP_dwi.json\",\"nii\":\"ds-dwi2/sub-01/ses-005/dwi/sub-01_ses-005_dir-AP_dwi.nii.gz\"},\"epi\":{\"json\":\"ds-dwi2/sub-01/ses-005/fmap/sub-01_ses-005_dir-AP_epi.json\",\"nii\":\"ds-dwi2/sub-01/ses-005/fmap/sub-01_ses-005_dir-AP_epi.nii.gz\"}},\"filePaths\":[\"ds-dwi2/sub-01/ses-005/anat/sub-01_ses-005_T1w.json\",\"ds-dwi2/sub-01/ses-005/anat/sub-01_ses-005_T1w.nii.gz\",\"ds-dwi2/sub-01/ses-005/dwi/sub-01_ses-005_dir-AP_dwi.bval\",\"ds-dwi2/sub-01/ses-005/dwi/sub-01_ses-005_dir-AP_dwi.bvec\",\"ds-dwi2/sub-01/ses-005/dwi/sub-01_ses-005_dir-AP_dwi.json\",\"ds-dwi2/sub-01/ses-005/dwi/sub-01_ses-005_dir-AP_dwi.nii.gz\",\"ds-dwi2/sub-01/ses-005/fmap/sub-01_ses-005_dir-AP_epi.json\",\"ds-dwi2/sub-01/ses-005/fmap/sub-01_ses-005_dir-AP_epi.nii.gz\"],\"bidsParentDir\":\"/home/local/USHERBROOKE/vala2004/dev/bids2nf/tests/data/custom\",\"subject\":\"sub-01\",\"session\":\"ses-005\",\"run\":\"NA\",\"task\":\"NA\"}]]"
        ],
        "meta": {
            "nf-test": "0.9.3",
            "nextflow": "25.10.0"
        },
        "timestamp": "2025-10-29T12:32:11.374396975"
    },
    "ds-dwi - Plugin output": {
        "content": [
            "[[[\"sub-01\",\"NA\",\"NA\",\"NA\"],{\"data\":{\"T1w\":{\"json\":\"ds-dwi/sub-01/anat/sub-01_T1w.json\",\"nii\":\"ds-dwi/sub-01/anat/sub-01_T1w.nii.gz\"},\"dwi\":{\"bval\":\"ds-dwi/sub-01/dwi/sub-01_dwi.bval\",\"bvec\":\"ds-dwi/sub-01/dwi/sub-01_dwi.bvec\",\"json\":\"ds-dwi/sub-01/dwi/sub-01_dwi.json\",\"nii\":\"ds-dwi/sub-01/dwi/sub-01_dwi.nii\"}},\"filePaths\":[\"ds-dwi/sub-01/anat/sub-01_T1w.json\",\"ds-dwi/sub-01/anat/sub-01_T1w.nii.gz\",\"ds-dwi/sub-01/dwi/sub-01_dwi.bval\",\"ds-dwi/sub-01/dwi/sub-01_dwi.bvec\",\"ds-dwi/sub-01/dwi/sub-01_dwi.json\",\"ds-dwi/sub-01/dwi/sub-01_dwi.nii\"],\"bidsParentDir\":\"/home/local/USHERBROOKE/vala2004/dev/bids2nf/tests/data/custom\",\"subject\":\"sub-01\",\"session\":\"NA\",\"run\":\"NA\",\"task\":\"NA\"}]]"
        ],
        "meta": {
            "nf-test": "0.9.3",
            "nextflow": "25.10.0"
        },
        "timestamp": "2025-10-29T11:50:10.234144351"
    }
}